// Jest Snapshot v1, https://goo.gl/fbAQLP

exports[`Autocomplete Saga fetchAutocompleteSagas fetchAutocomplete should set setAutoCompleteAction 1`] = `
Object {
  "@@redux-saga/HELPER": true,
  "name": "takeLatest(app/Autocomplete/GET_AUTOCOMPLETE, fetchAutocomplete)",
  "next": [Function],
  "return": [Function],
  "throw": [Function],
  Symbol(Symbol.iterator): [Function],
}
`;
